D:\08 `PROYECTOS\DESARROLLO2025\api_salud\src\main\java\com\api_salud\api_salud\request\CitaRequest.java
D:\08 `PROYECTOS\DESARROLLO2025\api_salud\src\main\java\com\api_salud\api_salud\repository\ServicioDaoImpl.java
D:\08 `PROYECTOS\DESARROLLO2025\api_salud\src\main\java\com\api_salud\api_salud\service\EspecialidadService.java
D:\08 `PROYECTOS\DESARROLLO2025\api_salud\src\main\java\com\api_salud\api_salud\mapper\PacienteMapperImpl.java
D:\08 `PROYECTOS\DESARROLLO2025\api_salud\src\main\java\com\api_salud\api_salud\entity\CitaSeparadaPagadaEntity.java
D:\08 `PROYECTOS\DESARROLLO2025\api_salud\src\main\java\com\api_salud\api_salud\service\FacturacionOrdenServicioService.java
D:\08 `PROYECTOS\DESARROLLO2025\api_salud\src\main\java\com\api_salud\api_salud\repository\ServicioDao.java
D:\08 `PROYECTOS\DESARROLLO2025\api_salud\src\main\java\com\api_salud\api_salud\repository\PacienteDao.java
D:\08 `PROYECTOS\DESARROLLO2025\api_salud\src\main\java\com\api_salud\api_salud\controller\CitaSeparadaPagoVirtualController.java
D:\08 `PROYECTOS\DESARROLLO2025\api_salud\src\main\java\com\api_salud\api_salud\service\CitaService.java
D:\08 `PROYECTOS\DESARROLLO2025\api_salud\src\main\java\com\api_salud\api_salud\service\UsuarioServiceImpl.java
D:\08 `PROYECTOS\DESARROLLO2025\api_salud\src\main\java\com\api_salud\api_salud\service\FacturacionServicioDespachoService.java
D:\08 `PROYECTOS\DESARROLLO2025\api_salud\src\main\java\com\api_salud\api_salud\request\CitaPacientePendientesRequest.java
D:\08 `PROYECTOS\DESARROLLO2025\api_salud\src\main\java\com\api_salud\api_salud\dto\ProgramacionMedicaDTO.java
D:\08 `PROYECTOS\DESARROLLO2025\api_salud\src\main\java\com\api_salud\api_salud\repository\EntidadDaoImpl.java
D:\08 `PROYECTOS\DESARROLLO2025\api_salud\src\main\java\com\api_salud\api_salud\service\CitaSeparadaPagoVirtualService.java
D:\08 `PROYECTOS\DESARROLLO2025\api_salud\src\main\java\com\api_salud\api_salud\service\MedicoService.java
D:\08 `PROYECTOS\DESARROLLO2025\api_salud\src\main\java\com\api_salud\api_salud\controller\ProgramacionMedicaController.java
D:\08 `PROYECTOS\DESARROLLO2025\api_salud\src\main\java\com\api_salud\api_salud\repository\RoleDao.java
D:\08 `PROYECTOS\DESARROLLO2025\api_salud\src\main\java\com\api_salud\api_salud\repository\CajaComprobantePagoDao.java
D:\08 `PROYECTOS\DESARROLLO2025\api_salud\src\main\java\com\api_salud\api_salud\service\TurnoService.java
D:\08 `PROYECTOS\DESARROLLO2025\api_salud\src\main\java\com\api_salud\api_salud\request\ProgramacionMedicaRequest.java
D:\08 `PROYECTOS\DESARROLLO2025\api_salud\src\main\java\com\api_salud\api_salud\controller\ServicioController.java
D:\08 `PROYECTOS\DESARROLLO2025\api_salud\src\main\java\com\api_salud\api_salud\service\CajaComprobantePagoService.java
D:\08 `PROYECTOS\DESARROLLO2025\api_salud\src\main\java\com\api_salud\api_salud\repository\EmpleadoDaoImpl.java
D:\08 `PROYECTOS\DESARROLLO2025\api_salud\src\main\java\com\api_salud\api_salud\repository\AtencionMedicaDao.java
D:\08 `PROYECTOS\DESARROLLO2025\api_salud\src\main\java\com\api_salud\api_salud\repository\EntidadDao.java
D:\08 `PROYECTOS\DESARROLLO2025\api_salud\src\main\java\com\api_salud\api_salud\entity\AtencionMedicaTratamientoEntity.java
D:\08 `PROYECTOS\DESARROLLO2025\api_salud\src\main\java\com\api_salud\api_salud\entity\EmpresaEntity.java
D:\08 `PROYECTOS\DESARROLLO2025\api_salud\src\main\java\com\api_salud\api_salud\service\CitaServiceImpl.java
D:\08 `PROYECTOS\DESARROLLO2025\api_salud\src\main\java\com\api_salud\api_salud\request\MedicoRequest.java
D:\08 `PROYECTOS\DESARROLLO2025\api_salud\src\main\java\com\api_salud\api_salud\dto\UsuarioDto.java
D:\08 `PROYECTOS\DESARROLLO2025\api_salud\src\main\java\com\api_salud\api_salud\repository\CitaSeparadaDaoImpl.java
D:\08 `PROYECTOS\DESARROLLO2025\api_salud\src\main\java\com\api_salud\api_salud\dto\EntidadDto.java
D:\08 `PROYECTOS\DESARROLLO2025\api_salud\src\main\java\com\api_salud\api_salud\repository\EspecialidadRepo.java
D:\08 `PROYECTOS\DESARROLLO2025\api_salud\src\main\java\com\api_salud\api_salud\entity\TurnoEntity.java
D:\08 `PROYECTOS\DESARROLLO2025\api_salud\src\main\java\com\api_salud\api_salud\entity\EspecialidadEntity.java
D:\08 `PROYECTOS\DESARROLLO2025\api_salud\src\main\java\com\api_salud\api_salud\service\FacturacionServicioPagoServiceImpl.java
D:\08 `PROYECTOS\DESARROLLO2025\api_salud\src\main\java\com\api_salud\api_salud\repository\RoleDaoImpl.java
D:\08 `PROYECTOS\DESARROLLO2025\api_salud\src\main\java\com\api_salud\api_salud\repository\CitaBloqueadaDao.java
D:\08 `PROYECTOS\DESARROLLO2025\api_salud\src\main\java\com\api_salud\api_salud\response\MedicoResponse.java
D:\08 `PROYECTOS\DESARROLLO2025\api_salud\src\main\java\com\api_salud\api_salud\controller\AuthController.java
D:\08 `PROYECTOS\DESARROLLO2025\api_salud\src\main\java\com\api_salud\api_salud\service\EmailService.java
D:\08 `PROYECTOS\DESARROLLO2025\api_salud\src\main\java\com\api_salud\api_salud\response\UsuarioResponse.java
D:\08 `PROYECTOS\DESARROLLO2025\api_salud\src\main\java\com\api_salud\api_salud\service\EntidadService.java
D:\08 `PROYECTOS\DESARROLLO2025\api_salud\src\main\java\com\api_salud\api_salud\request\FacturacionRequest.java
D:\08 `PROYECTOS\DESARROLLO2025\api_salud\src\main\java\com\api_salud\api_salud\service\AuthService.java
D:\08 `PROYECTOS\DESARROLLO2025\api_salud\src\main\java\com\api_salud\api_salud\response\ServicioResponse.java
D:\08 `PROYECTOS\DESARROLLO2025\api_salud\src\main\java\com\api_salud\api_salud\entity\TokenInfo.java
D:\08 `PROYECTOS\DESARROLLO2025\api_salud\src\main\java\com\api_salud\api_salud\request\CitaMedicoDiariaRequest.java
D:\08 `PROYECTOS\DESARROLLO2025\api_salud\src\main\java\com\api_salud\api_salud\mapper\UsuarioMapper.java
D:\08 `PROYECTOS\DESARROLLO2025\api_salud\src\main\java\com\api_salud\api_salud\repository\FacturacionOrdenServicioPagoDaoImpl.java
D:\08 `PROYECTOS\DESARROLLO2025\api_salud\src\main\java\com\api_salud\api_salud\dto\PacienteCitadoDto.java
D:\08 `PROYECTOS\DESARROLLO2025\api_salud\src\main\java\com\api_salud\api_salud\entity\FacturacionOrdenServicioPagoEntity.java
D:\08 `PROYECTOS\DESARROLLO2025\api_salud\src\main\java\com\api_salud\api_salud\response\CitaSeparadaResponse.java
D:\08 `PROYECTOS\DESARROLLO2025\api_salud\src\main\java\com\api_salud\api_salud\response\EntidadResponse.java
D:\08 `PROYECTOS\DESARROLLO2025\api_salud\src\main\java\com\api_salud\api_salud\response\CitaSeparadaEntityResponse.java
D:\08 `PROYECTOS\DESARROLLO2025\api_salud\src\main\java\com\api_salud\api_salud\service\CatalogoServicioFtoServiceImpl.java
D:\08 `PROYECTOS\DESARROLLO2025\api_salud\src\main\java\com\api_salud\api_salud\service\CitaSeparadaServiceImpl.java
D:\08 `PROYECTOS\DESARROLLO2025\api_salud\src\main\java\com\api_salud\api_salud\controller\EntidadController.java
D:\08 `PROYECTOS\DESARROLLO2025\api_salud\src\main\java\com\api_salud\api_salud\service\CitaSeparadaPagoVirtualServiceImpl.java
D:\08 `PROYECTOS\DESARROLLO2025\api_salud\src\main\java\com\api_salud\api_salud\service\ProgramacionMedicaServiceImpl.java
D:\08 `PROYECTOS\DESARROLLO2025\api_salud\src\main\java\com\api_salud\api_salud\service\FacturacionOrdenServicioPagoService.java
D:\08 `PROYECTOS\DESARROLLO2025\api_salud\src\main\java\com\api_salud\api_salud\service\CitaBloqueadaServiceImpl.java
D:\08 `PROYECTOS\DESARROLLO2025\api_salud\src\main\java\com\api_salud\api_salud\request\CitaSeparadaRequest.java
D:\08 `PROYECTOS\DESARROLLO2025\api_salud\src\main\java\com\api_salud\api_salud\entity\AntecedenteTipoEntity.java
D:\08 `PROYECTOS\DESARROLLO2025\api_salud\src\main\java\com\api_salud\api_salud\response\CitaDisponibleResponse.java
D:\08 `PROYECTOS\DESARROLLO2025\api_salud\src\main\java\com\api_salud\api_salud\response\CitaBloqueadaResponse.java
D:\08 `PROYECTOS\DESARROLLO2025\api_salud\src\main\java\com\api_salud\api_salud\repository\UsuarioRepo.java
D:\08 `PROYECTOS\DESARROLLO2025\api_salud\src\main\java\com\api_salud\api_salud\entity\FacturacionServicioPagoEntity.java
D:\08 `PROYECTOS\DESARROLLO2025\api_salud\src\main\java\com\api_salud\api_salud\repository\CitaSeparadaPagoVirtualDao.java
D:\08 `PROYECTOS\DESARROLLO2025\api_salud\src\main\java\com\api_salud\api_salud\entity\AtencionRecetaCabeceraEntity.java
D:\08 `PROYECTOS\DESARROLLO2025\api_salud\src\main\java\com\api_salud\api_salud\repository\UsuarioDaoImpl.java
D:\08 `PROYECTOS\DESARROLLO2025\api_salud\src\main\java\com\api_salud\api_salud\request\CitaSeparadaPagadaXMedicoRequest.java
D:\08 `PROYECTOS\DESARROLLO2025\api_salud\src\main\java\com\api_salud\api_salud\repository\CatalogoServicioFtoDao.java
D:\08 `PROYECTOS\DESARROLLO2025\api_salud\src\main\java\com\api_salud\api_salud\repository\UsuarioDao.java
D:\08 `PROYECTOS\DESARROLLO2025\api_salud\src\main\java\com\api_salud\api_salud\repository\TurnoDao.java
D:\08 `PROYECTOS\DESARROLLO2025\api_salud\src\main\java\com\api_salud\api_salud\request\CitaFacturacionRequest.java
D:\08 `PROYECTOS\DESARROLLO2025\api_salud\src\main\java\com\api_salud\api_salud\controller\TurnoController.java
D:\08 `PROYECTOS\DESARROLLO2025\api_salud\src\main\java\com\api_salud\api_salud\security\config\CorsConfig.java
D:\08 `PROYECTOS\DESARROLLO2025\api_salud\src\main\java\com\api_salud\api_salud\response\CitaResponse.java
D:\08 `PROYECTOS\DESARROLLO2025\api_salud\src\main\java\com\api_salud\api_salud\response\CitaSeparadaPagoVirtualResponse.java
D:\08 `PROYECTOS\DESARROLLO2025\api_salud\src\main\java\com\api_salud\api_salud\entity\AtencionMedicaMedicacionEntity.java
D:\08 `PROYECTOS\DESARROLLO2025\api_salud\src\main\java\com\api_salud\api_salud\controller\EspecialidadesWebController.java
D:\08 `PROYECTOS\DESARROLLO2025\api_salud\src\main\java\com\api_salud\api_salud\response\TurnoResponse.java
D:\08 `PROYECTOS\DESARROLLO2025\api_salud\src\main\java\com\api_salud\api_salud\entity\AtencionMedicaExamenFisicoEntity.java
D:\08 `PROYECTOS\DESARROLLO2025\api_salud\src\main\java\com\api_salud\api_salud\repository\MedicoDao.java
D:\08 `PROYECTOS\DESARROLLO2025\api_salud\src\main\java\com\api_salud\api_salud\ApiSaludApplication.java
D:\08 `PROYECTOS\DESARROLLO2025\api_salud\src\main\java\com\api_salud\api_salud\service\CitaSeparadaService.java
D:\08 `PROYECTOS\DESARROLLO2025\api_salud\src\main\java\com\api_salud\api_salud\repository\ProgramacionMedicaDao.java
D:\08 `PROYECTOS\DESARROLLO2025\api_salud\src\main\java\com\api_salud\api_salud\service\JwtUtilService.java
D:\08 `PROYECTOS\DESARROLLO2025\api_salud\src\main\java\com\api_salud\api_salud\entity\AtencionMedicaDiagnosticoLabEntity.java
D:\08 `PROYECTOS\DESARROLLO2025\api_salud\src\main\java\com\api_salud\api_salud\repository\AtencionMedicaDaoImpl.java
D:\08 `PROYECTOS\DESARROLLO2025\api_salud\src\main\java\com\api_salud\api_salud\repository\FacturacionCuentaAtencionDaoImpl.java
D:\08 `PROYECTOS\DESARROLLO2025\api_salud\src\main\java\com\api_salud\api_salud\entity\FacturacionServicioDespachoEntity.java
D:\08 `PROYECTOS\DESARROLLO2025\api_salud\src\main\java\com\api_salud\api_salud\entity\ProgramacionMedicaCabeceraEntity.java
D:\08 `PROYECTOS\DESARROLLO2025\api_salud\src\main\java\com\api_salud\api_salud\entity\CatalogoServicioFtoEntity.java
D:\08 `PROYECTOS\DESARROLLO2025\api_salud\src\main\java\com\api_salud\api_salud\request\CitaBloqueadaRequest.java
D:\08 `PROYECTOS\DESARROLLO2025\api_salud\src\main\java\com\api_salud\api_salud\response\PacienteCitadoResponse.java
D:\08 `PROYECTOS\DESARROLLO2025\api_salud\src\main\java\com\api_salud\api_salud\service\ProgramacionMedicaCabeceraServiceImpl.java
D:\08 `PROYECTOS\DESARROLLO2025\api_salud\src\main\java\com\api_salud\api_salud\repository\FacturacionOrdenServicioDaoImpl.java
D:\08 `PROYECTOS\DESARROLLO2025\api_salud\src\main\java\com\api_salud\api_salud\repository\FacturacionCuentaAtencionDao.java
D:\08 `PROYECTOS\DESARROLLO2025\api_salud\src\main\java\com\api_salud\api_salud\context\TenantContext.java
D:\08 `PROYECTOS\DESARROLLO2025\api_salud\src\main\java\com\api_salud\api_salud\service\EntidadServiceImpl.java
D:\08 `PROYECTOS\DESARROLLO2025\api_salud\src\main\java\com\api_salud\api_salud\service\FacturacionCuentaAtencionServiceImpl.java
D:\08 `PROYECTOS\DESARROLLO2025\api_salud\src\main\java\com\api_salud\api_salud\dto\PacienteDto.java
D:\08 `PROYECTOS\DESARROLLO2025\api_salud\src\main\java\com\api_salud\api_salud\request\CitaCrearRequest.java
D:\08 `PROYECTOS\DESARROLLO2025\api_salud\src\main\java\com\api_salud\api_salud\repository\CajaComprobantePagoDaoImpl.java
D:\08 `PROYECTOS\DESARROLLO2025\api_salud\src\main\java\com\api_salud\api_salud\dto\MedicoDTO.java
D:\08 `PROYECTOS\DESARROLLO2025\api_salud\src\main\java\com\api_salud\api_salud\entity\AntecedenteEntity.java
D:\08 `PROYECTOS\DESARROLLO2025\api_salud\src\main\java\com\api_salud\api_salud\controller\UsuarioController.java
D:\08 `PROYECTOS\DESARROLLO2025\api_salud\src\main\java\com\api_salud\api_salud\service\CitaBloqueadaService.java
D:\08 `PROYECTOS\DESARROLLO2025\api_salud\src\main\java\com\api_salud\api_salud\request\AuthenticationReq.java
D:\08 `PROYECTOS\DESARROLLO2025\api_salud\src\main\java\com\api_salud\api_salud\service\FacturacionService.java
D:\08 `PROYECTOS\DESARROLLO2025\api_salud\src\main\java\com\api_salud\api_salud\service\PacienteServiceImpl.java
D:\08 `PROYECTOS\DESARROLLO2025\api_salud\src\main\java\com\api_salud\api_salud\service\TurnoDetalleServiceImpl.java
D:\08 `PROYECTOS\DESARROLLO2025\api_salud\src\main\java\com\api_salud\api_salud\entity\CitaBloqueadaEntity.java
D:\08 `PROYECTOS\DESARROLLO2025\api_salud\src\main\java\com\api_salud\api_salud\repository\TurnoDetalleDao.java
D:\08 `PROYECTOS\DESARROLLO2025\api_salud\src\main\java\com\api_salud\api_salud\repository\EspecialidadDaoImpl.java
D:\08 `PROYECTOS\DESARROLLO2025\api_salud\src\main\java\com\api_salud\api_salud\controller\CitaBloqueadaController.java
D:\08 `PROYECTOS\DESARROLLO2025\api_salud\src\main\java\com\api_salud\api_salud\service\EspecialidadServiceImpl.java
D:\08 `PROYECTOS\DESARROLLO2025\api_salud\src\main\java\com\api_salud\api_salud\repository\FacturacionOrdenServicioPagoDao.java
D:\08 `PROYECTOS\DESARROLLO2025\api_salud\src\main\java\com\api_salud\api_salud\repository\FacturacionServicioDespachoDao.java
D:\08 `PROYECTOS\DESARROLLO2025\api_salud\src\main\java\com\api_salud\api_salud\request\ProgramacionMedicaCrearRequest.java
D:\08 `PROYECTOS\DESARROLLO2025\api_salud\src\main\java\com\api_salud\api_salud\service\FacturacionServicioDespachoServiceImpl.java
D:\08 `PROYECTOS\DESARROLLO2025\api_salud\src\main\java\com\api_salud\api_salud\repository\EmpleadoDao.java
D:\08 `PROYECTOS\DESARROLLO2025\api_salud\src\main\java\com\api_salud\api_salud\repository\ProgramacionMedicaCabeceraDaoImpl.java
D:\08 `PROYECTOS\DESARROLLO2025\api_salud\src\main\java\com\api_salud\api_salud\service\CajaComprobantePagoServiceImpl.java
D:\08 `PROYECTOS\DESARROLLO2025\api_salud\src\main\java\com\api_salud\api_salud\entity\AtencionMedicaDiscapacidadOtrosEntity.java
D:\08 `PROYECTOS\DESARROLLO2025\api_salud\src\main\java\com\api_salud\api_salud\request\CitaSeparadaPagoVirtualRequest.java
D:\08 `PROYECTOS\DESARROLLO2025\api_salud\src\main\java\com\api_salud\api_salud\service\UsuarioDetailsServiceImpl.java
D:\08 `PROYECTOS\DESARROLLO2025\api_salud\src\main\java\com\api_salud\api_salud\entity\AtencionMedicaTriajeEntity.java
D:\08 `PROYECTOS\DESARROLLO2025\api_salud\src\main\java\com\api_salud\api_salud\repository\CatalogoServicioFtoDaoImpl.java
D:\08 `PROYECTOS\DESARROLLO2025\api_salud\src\main\java\com\api_salud\api_salud\request\CatalogoServicioFtoRequest.java
D:\08 `PROYECTOS\DESARROLLO2025\api_salud\src\main\java\com\api_salud\api_salud\entity\CitaSeparadaEntity.java
D:\08 `PROYECTOS\DESARROLLO2025\api_salud\src\main\java\com\api_salud\api_salud\dto\ProgramacionMedicaCabeceraDTO.java
D:\08 `PROYECTOS\DESARROLLO2025\api_salud\src\main\java\com\api_salud\api_salud\service\ProgramacionMedicaService.java
D:\08 `PROYECTOS\DESARROLLO2025\api_salud\src\main\java\com\api_salud\api_salud\service\ServicioService.java
D:\08 `PROYECTOS\DESARROLLO2025\api_salud\src\main\java\com\api_salud\api_salud\entity\CitadoEntity.java
D:\08 `PROYECTOS\DESARROLLO2025\api_salud\src\main\java\com\api_salud\api_salud\entity\MedicoEntity.java
D:\08 `PROYECTOS\DESARROLLO2025\api_salud\src\main\java\com\api_salud\api_salud\response\FacturacionOrdenServicioResponse.java
D:\08 `PROYECTOS\DESARROLLO2025\api_salud\src\main\java\com\api_salud\api_salud\request\PacienteRequest.java
D:\08 `PROYECTOS\DESARROLLO2025\api_salud\src\main\java\com\api_salud\api_salud\entity\UsuarioEntity.java
D:\08 `PROYECTOS\DESARROLLO2025\api_salud\src\main\java\com\api_salud\api_salud\repository\CitaBloqueadaDaoImpl.java
D:\08 `PROYECTOS\DESARROLLO2025\api_salud\src\main\java\com\api_salud\api_salud\repository\PacienteDaoImpl.java
D:\08 `PROYECTOS\DESARROLLO2025\api_salud\src\main\java\com\api_salud\api_salud\service\FacturacionOrdenServicioServiceImpl.java
D:\08 `PROYECTOS\DESARROLLO2025\api_salud\src\main\java\com\api_salud\api_salud\entity\UsuarioResponse2.java
D:\08 `PROYECTOS\DESARROLLO2025\api_salud\src\main\java\com\api_salud\api_salud\entity\ServicioEntity.java
D:\08 `PROYECTOS\DESARROLLO2025\api_salud\src\main\java\com\api_salud\api_salud\entity\CitaEntity.java
D:\08 `PROYECTOS\DESARROLLO2025\api_salud\src\main\java\com\api_salud\api_salud\response\FacturacionCuentaAtencionResponse.java
D:\08 `PROYECTOS\DESARROLLO2025\api_salud\src\main\java\com\api_salud\api_salud\entity\AtencionMedicaAntecedenteEntity.java
D:\08 `PROYECTOS\DESARROLLO2025\api_salud\src\main\java\com\api_salud\api_salud\entity\AtencionMedicaExamenesEntity.java
D:\08 `PROYECTOS\DESARROLLO2025\api_salud\src\main\java\com\api_salud\api_salud\service\FacturacionServiceImpl.java
D:\08 `PROYECTOS\DESARROLLO2025\api_salud\src\main\java\com\api_salud\api_salud\request\FacturacionOrdenServicioRequest.java
D:\08 `PROYECTOS\DESARROLLO2025\api_salud\src\main\java\com\api_salud\api_salud\response\ProgramacionMedicaDiaResponse.java
D:\08 `PROYECTOS\DESARROLLO2025\api_salud\src\main\java\com\api_salud\api_salud\entity\UsuarioSaveResponse.java
D:\08 `PROYECTOS\DESARROLLO2025\api_salud\src\main\java\com\api_salud\api_salud\controller\MedicoController.java
D:\08 `PROYECTOS\DESARROLLO2025\api_salud\src\main\java\com\api_salud\api_salud\repository\FacturacionServicioPagoDao.java
D:\08 `PROYECTOS\DESARROLLO2025\api_salud\src\main\java\com\api_salud\api_salud\response\TokenInfo.java
D:\08 `PROYECTOS\DESARROLLO2025\api_salud\src\main\java\com\api_salud\api_salud\repository\FacturacionServicioDespachoDaoImpl.java
D:\08 `PROYECTOS\DESARROLLO2025\api_salud\src\main\java\com\api_salud\api_salud\response\EspecialidadResponse.java
D:\08 `PROYECTOS\DESARROLLO2025\api_salud\src\main\java\com\api_salud\api_salud\service\TurnoDetalleService.java
D:\08 `PROYECTOS\DESARROLLO2025\api_salud\src\main\java\com\api_salud\api_salud\mapper\PacienteMapper.java
D:\08 `PROYECTOS\DESARROLLO2025\api_salud\src\main\java\com\api_salud\api_salud\entity\FacturacionOrdenServicioEntity.java
D:\08 `PROYECTOS\DESARROLLO2025\api_salud\src\main\java\com\api_salud\api_salud\entity\User.java
D:\08 `PROYECTOS\DESARROLLO2025\api_salud\src\main\java\com\api_salud\api_salud\service\TurnoServiceImpl.java
D:\08 `PROYECTOS\DESARROLLO2025\api_salud\src\main\java\com\api_salud\api_salud\security\config\WebSecurityConfig.java
D:\08 `PROYECTOS\DESARROLLO2025\api_salud\src\main\java\com\api_salud\api_salud\entity\ProgramacionMedicaEntity.java
D:\08 `PROYECTOS\DESARROLLO2025\api_salud\src\main\java\com\api_salud\api_salud\controller\EmailController.java
D:\08 `PROYECTOS\DESARROLLO2025\api_salud\src\main\java\com\api_salud\api_salud\service\CatalogoServicioFtoService.java
D:\08 `PROYECTOS\DESARROLLO2025\api_salud\src\main\java\com\api_salud\api_salud\entity\AtencionMedicaEntity.java
D:\08 `PROYECTOS\DESARROLLO2025\api_salud\src\main\java\com\api_salud\api_salud\entity\CajaComprobantePagoEntity.java
D:\08 `PROYECTOS\DESARROLLO2025\api_salud\src\main\java\com\api_salud\api_salud\response\UsuarioSaveResponse.java
D:\08 `PROYECTOS\DESARROLLO2025\api_salud\src\main\java\com\api_salud\api_salud\repository\FacturacionDaoImpl.java
D:\08 `PROYECTOS\DESARROLLO2025\api_salud\src\main\java\com\api_salud\api_salud\repository\MedicoDaoImpl.java
D:\08 `PROYECTOS\DESARROLLO2025\api_salud\src\main\java\com\api_salud\api_salud\repository\CitaDao.java
D:\08 `PROYECTOS\DESARROLLO2025\api_salud\src\main\java\com\api_salud\api_salud\request\UsuarioRequest.java
D:\08 `PROYECTOS\DESARROLLO2025\api_salud\src\main\java\com\api_salud\api_salud\service\UsuarioService.java
D:\08 `PROYECTOS\DESARROLLO2025\api_salud\src\main\java\com\api_salud\api_salud\entity\Role.java
D:\08 `PROYECTOS\DESARROLLO2025\api_salud\src\main\java\com\api_salud\api_salud\service\FacturacionOrdenServicioPagoServiceImpl.java
D:\08 `PROYECTOS\DESARROLLO2025\api_salud\src\main\java\com\api_salud\api_salud\entity\AtencionMedicaPreConsultaEntity.java
D:\08 `PROYECTOS\DESARROLLO2025\api_salud\src\main\java\com\api_salud\api_salud\response\ProgramacionMedicaMesResponse.java
D:\08 `PROYECTOS\DESARROLLO2025\api_salud\src\main\java\com\api_salud\api_salud\entity\EntidadEntity.java
D:\08 `PROYECTOS\DESARROLLO2025\api_salud\src\main\java\com\api_salud\api_salud\service\PacienteService.java
D:\08 `PROYECTOS\DESARROLLO2025\api_salud\src\main\java\com\api_salud\api_salud\service\EmailServiceImpl.java
D:\08 `PROYECTOS\DESARROLLO2025\api_salud\src\main\java\com\api_salud\api_salud\entity\TurnoDetalleEntity.java
D:\08 `PROYECTOS\DESARROLLO2025\api_salud\src\main\java\com\api_salud\api_salud\repository\CitaSeparadaDao.java
D:\08 `PROYECTOS\DESARROLLO2025\api_salud\src\main\java\com\api_salud\api_salud\request\ProgramacionMedicaCrearDetalleRequest.java
D:\08 `PROYECTOS\DESARROLLO2025\api_salud\src\main\java\com\api_salud\api_salud\repository\CitaDaoImpl.java
D:\08 `PROYECTOS\DESARROLLO2025\api_salud\src\main\java\com\api_salud\api_salud\request\JwtRequestFilter.java
D:\08 `PROYECTOS\DESARROLLO2025\api_salud\src\main\java\com\api_salud\api_salud\response\EntidadesResponse.java
D:\08 `PROYECTOS\DESARROLLO2025\api_salud\src\main\java\com\api_salud\api_salud\entity\CitaSeparadaPagoVirtualEntity.java
D:\08 `PROYECTOS\DESARROLLO2025\api_salud\src\main\java\com\api_salud\api_salud\repository\CitaSeparadaPagoVirtualDaoImpl.java
D:\08 `PROYECTOS\DESARROLLO2025\api_salud\src\main\java\com\api_salud\api_salud\entity\AtencionMedicaDiscapacidadEntity.java
D:\08 `PROYECTOS\DESARROLLO2025\api_salud\src\main\java\com\api_salud\api_salud\repository\EspecialidadDao.java
D:\08 `PROYECTOS\DESARROLLO2025\api_salud\src\main\java\com\api_salud\api_salud\service\ServicioServiceImpl.java
D:\08 `PROYECTOS\DESARROLLO2025\api_salud\src\main\java\com\api_salud\api_salud\service\prueba.java
D:\08 `PROYECTOS\DESARROLLO2025\api_salud\src\main\java\com\api_salud\api_salud\repository\FacturacionOrdenServicioDao.java
D:\08 `PROYECTOS\DESARROLLO2025\api_salud\src\main\java\com\api_salud\api_salud\request\FacturacionDetalleRequest.java
D:\08 `PROYECTOS\DESARROLLO2025\api_salud\src\main\java\com\api_salud\api_salud\response\CatalogoServicioFtoResponse.java
D:\08 `PROYECTOS\DESARROLLO2025\api_salud\src\main\java\com\api_salud\api_salud\service\FacturacionServicioPagoService.java
D:\08 `PROYECTOS\DESARROLLO2025\api_salud\src\main\java\com\api_salud\api_salud\entity\Usuario.java
D:\08 `PROYECTOS\DESARROLLO2025\api_salud\src\main\java\com\api_salud\api_salud\repository\ProgramacionMedicaDaoImpl.java
D:\08 `PROYECTOS\DESARROLLO2025\api_salud\src\main\java\com\api_salud\api_salud\repository\FacturacionServicioPagoDaoImpl.java
D:\08 `PROYECTOS\DESARROLLO2025\api_salud\src\main\java\com\api_salud\api_salud\entity\FacturacionCuentaAtencionEntity.java
D:\08 `PROYECTOS\DESARROLLO2025\api_salud\src\main\java\com\api_salud\api_salud\entity\AtencionMedicaDiagnosticoEntity.java
D:\08 `PROYECTOS\DESARROLLO2025\api_salud\src\main\java\com\api_salud\api_salud\response\FacturacionResponse.java
D:\08 `PROYECTOS\DESARROLLO2025\api_salud\src\main\java\com\api_salud\api_salud\response\ProgramacionMedicaResponse.java
D:\08 `PROYECTOS\DESARROLLO2025\api_salud\src\main\java\com\api_salud\api_salud\repository\FacturacionDao.java
D:\08 `PROYECTOS\DESARROLLO2025\api_salud\src\main\java\com\api_salud\api_salud\controller\CitaSeparadaController.java
D:\08 `PROYECTOS\DESARROLLO2025\api_salud\src\main\java\com\api_salud\api_salud\controller\CitaController.java
D:\08 `PROYECTOS\DESARROLLO2025\api_salud\src\main\java\com\api_salud\api_salud\entity\PacienteEntity.java
D:\08 `PROYECTOS\DESARROLLO2025\api_salud\src\main\java\com\api_salud\api_salud\entity\AtencionMedicaSintomaEntity.java
D:\08 `PROYECTOS\DESARROLLO2025\api_salud\src\main\java\com\api_salud\api_salud\entity\AtencionRecetaDetalleEntity.java
D:\08 `PROYECTOS\DESARROLLO2025\api_salud\src\main\java\com\api_salud\api_salud\repository\TurnoDetalleDaoImpl.java
D:\08 `PROYECTOS\DESARROLLO2025\api_salud\src\main\java\com\api_salud\api_salud\request\EntidadRequest.java
D:\08 `PROYECTOS\DESARROLLO2025\api_salud\src\main\java\com\api_salud\api_salud\request\TurnoRequest.java
D:\08 `PROYECTOS\DESARROLLO2025\api_salud\src\main\java\com\api_salud\api_salud\dto\RolDto.java
D:\08 `PROYECTOS\DESARROLLO2025\api_salud\src\main\java\com\api_salud\api_salud\repository\TurnoDaoImpl.java
D:\08 `PROYECTOS\DESARROLLO2025\api_salud\src\main\java\com\api_salud\api_salud\repository\ProgramacionMedicaCabeceraDao.java
D:\08 `PROYECTOS\DESARROLLO2025\api_salud\src\main\java\com\api_salud\api_salud\service\ProgramacionMedicaCabeceraService.java
D:\08 `PROYECTOS\DESARROLLO2025\api_salud\src\main\java\com\api_salud\api_salud\service\MedicoServiceImpl.java
D:\08 `PROYECTOS\DESARROLLO2025\api_salud\src\main\java\com\api_salud\api_salud\service\FacturacionCuentaAtencionService.java
